---
source: src/tests/github_secret_scanning.rs
expression: response.json()
---
[
  {
    "label": "false_positive",
    "token_raw": "[token]",
    "token_type": "some_type"
  }
]
